PLINK v1.90b6.15 64-bit (21 Jan 2020)
Options in effect:
  --allow-extra-chr
  --biallelic-only
  --geno
  --keep keep.txt
  --maf 0.05
  --memory 6000
  --out traits
  --output-missing-genotype 9
  --recode oxford
  --set-missing-var-ids @:#
  --snps-only
  --threads 1
  --vcf WI.20210121.hard-filter.isotype_with_cM.vcf.gz

Hostname: n6458
Working directory: /u/project/kruglyak/thatguy0/scratch/f8/4d9ab566e490365233f70d7afa47fb
Start time: Tue Sep  8 14:35:41 2026

Random number seed: 1788903341
192097 MB RAM detected; reserving 6000 MB for main workspace.
--vcf: traits-temporary.bed + traits-temporary.bim + traits-temporary.fam
written.
2919294 out of 3504135 variants loaded from .bim file.
2919294 missing IDs set.
540 people (0 males, 0 females, 540 ambiguous) loaded from .fam.
Ambiguous sex IDs written to traits.nosex .
--keep: 366 people remaining.
Using 1 thread.
Before main variant filters, 366 founders and 0 nonfounders present.
Calculating allele frequencies... done.
Total genotyping rate in remaining samples is 0.959143.
339834 variants removed due to missing genotype data (--geno).
2115251 variants removed due to minor allele threshold(s)
(--maf/--max-maf/--mac/--max-mac).
464209 variants and 366 people pass filters and QC.
Note: No phenotypes present.
--recode oxford to traits.gen + traits.sample ... done.

End time: Tue Sep  8 14:38:53 2026
