PLINK v1.90b6.15 64-bit (21 Jan 2020)
Options in effect:
  --allow-extra-chr
  --extract markers.txt
  --keep panel.txt
  --make-bed
  --memory 6000
  --out all
  --set-missing-var-ids @:#
  --threads 1
  --vcf WI.20210121.hard-filter.isotype_with_cM.vcf.gz

Hostname: n1912
Working directory: /u/project/kruglyak/thatguy0/scratch/82/227f45462f6cd3ce0ceaa7c14d627e
Start time: Tue Sep  8 12:58:55 2026

Random number seed: 1788897535
193121 MB RAM detected; reserving 6000 MB for main workspace.
--vcf: all-temporary.bed + all-temporary.bim + all-temporary.fam written.
3504135 variants loaded from .bim file.
3504135 missing IDs set.
540 people (0 males, 0 females, 540 ambiguous) loaded from .fam.
Ambiguous sex IDs written to all.nosex .
--extract: 464045 variants remaining.
--keep: 231 people remaining.
Using 1 thread.
Before main variant filters, 231 founders and 0 nonfounders present.
Calculating allele frequencies... done.
Total genotyping rate in remaining samples is 0.989181.
464045 variants and 231 people pass filters and QC.
Note: No phenotypes present.
--make-bed to all.bed + all.bim + all.fam ... done.

End time: Tue Sep  8 13:01:41 2026
