Sep-08 11:21:25.661 [main] DEBUG nextflow.cli.Launcher - $> nextflow run main.nf -profile standard
Sep-08 11:21:25.739 [main] INFO  nextflow.cli.CmdRun - N E X T F L O W  ~  version 21.04.3
Sep-08 11:21:25.777 [main] INFO  nextflow.cli.CmdRun - Launching `main.nf` [nice_shirley] - revision: cedbb41b88
Sep-08 11:21:25.795 [main] DEBUG nextflow.config.ConfigBuilder - Found config local: /Users/Stefan/UCLA/Projects/RNAi/Manuscript/Bulk_GWA_Manuscript/cluster/permutation_threshold/nextflow.config
Sep-08 11:21:25.796 [main] DEBUG nextflow.config.ConfigBuilder - Parsing config file: /Users/Stefan/UCLA/Projects/RNAi/Manuscript/Bulk_GWA_Manuscript/cluster/permutation_threshold/nextflow.config
Sep-08 11:21:25.819 [main] DEBUG nextflow.config.ConfigBuilder - Applying config profile: `standard`
Sep-08 11:21:26.667 [main] DEBUG nextflow.plugin.PluginsFacade - Setting up plugin manager > mode=prod; plugins-dir=/Users/Stefan/.nextflow/plugins
Sep-08 11:21:26.670 [main] DEBUG nextflow.plugin.PluginsFacade - Plugins default=[]
Sep-08 11:21:26.673 [main] DEBUG nextflow.plugin.PluginsFacade - Plugins local root: .nextflow/plr/empty
Sep-08 11:21:26.683 [main] INFO  org.pf4j.DefaultPluginStatusProvider - Enabled plugins: []
Sep-08 11:21:26.684 [main] INFO  org.pf4j.DefaultPluginStatusProvider - Disabled plugins: []
Sep-08 11:21:26.689 [main] INFO  org.pf4j.DefaultPluginManager - PF4J version 3.4.1 in 'deployment' mode
Sep-08 11:21:26.700 [main] INFO  org.pf4j.AbstractPluginManager - No plugins
Sep-08 11:21:26.792 [main] DEBUG nextflow.Session - Session uuid: 0a25940e-971b-4d21-8ebf-7df69fba0620
Sep-08 11:21:26.792 [main] DEBUG nextflow.Session - Run name: nice_shirley
Sep-08 11:21:26.793 [main] DEBUG nextflow.Session - Executor pool size: 6
Sep-08 11:21:26.875 [main] DEBUG nextflow.cli.CmdRun - 
  Version: 21.04.3 build 5560
  Created: 21-07-2021 15:09 UTC (08:09 PDT)
  System: Mac OS X 10.16
  Runtime: Groovy 3.0.7 on OpenJDK 64-Bit Server VM 11.0.1+13
  Encoding: UTF-8 (UTF-8)
  Process: 45881@dhcp-10-145-91-18.ad.medctr.ucla.edu [10.145.91.18]
  CPUs: 6 - Mem: 32 GB (17.1 MB) - Swap: 22 GB (1.2 GB)
Sep-08 11:21:26.899 [main] DEBUG nextflow.Session - Work-dir: /Users/Stefan/UCLA/Projects/RNAi/Manuscript/Bulk_GWA_Manuscript/cluster/permutation_threshold/work [Mac OS X]
Sep-08 11:21:26.928 [main] DEBUG nextflow.executor.ExecutorFactory - Extension executors providers=[]
Sep-08 11:21:26.945 [main] DEBUG nextflow.Session - Observer factory: DefaultObserverFactory
Sep-08 11:21:27.115 [main] DEBUG nextflow.Session - Session start invoked
Sep-08 11:21:27.839 [main] DEBUG nextflow.script.ScriptRunner - > Launching execution
Sep-08 11:21:27.881 [main] DEBUG nextflow.Session - Workflow process names [dsl2]: BUILD_CHROM, MAKE_PERMS, GEMMA_GRM, PLINK_CONVERT, GEMMA_PERM, COLLECT_THRESHOLD
Sep-08 11:21:27.904 [main] WARN  nextflow.Session - Nextflow version 21.04.3 does not match workflow required version: >=21.10.0 -- Execution will continue, but things may break!
Sep-08 11:21:27.918 [main] ERROR nextflow.Nextflow - --pheno is required
